// Jest Snapshot v1, https://goo.gl/fbAQLP

exports[`should render properly 1`] = `
<RNCSafeAreaProvider
  onInsetsChange={[Function]}
  style={
    [
      {
        "flex": 1,
      },
      undefined,
    ]
  }
>
  <View
    collapsable={false}
    pointerEvents="box-none"
    style={
      {
        "flex": 1,
      }
    }
  />
  <View
    collapsable={false}
    pointerEvents="box-none"
    style={
      {
        "bottom": 0,
        "left": 0,
        "position": "absolute",
        "right": 0,
        "top": 0,
      }
    }
  >
    <View
      accessibilityLiveRegion="polite"
      accessibilityViewIsModal={true}
      collapsable={false}
      onAccessibilityEscape={[Function]}
      pointerEvents="auto"
      style={
        {
          "bottom": 0,
          "left": 0,
          "position": "absolute",
          "right": 0,
          "top": 0,
        }
      }
      testID="modal"
    >
      <View
        accessibilityLabel="Close modal"
        accessibilityRole="button"
        accessibilityState={
          {
            "busy": undefined,
            "checked": undefined,
            "disabled": false,
            "expanded": undefined,
            "selected": undefined,
          }
        }
        accessible={true}
        collapsable={false}
        focusable={true}
        importantForAccessibility="no"
        onClick={[Function]}
        onResponderGrant={[Function]}
        onResponderMove={[Function]}
        onResponderRelease={[Function]}
        onResponderTerminate={[Function]}
        onResponderTerminationRequest={[Function]}
        onStartShouldSetResponder={[Function]}
        style={
          {
            "backgroundColor": "rgba(50, 47, 55, 0.4)",
            "flex": 1,
            "opacity": 1,
          }
        }
        testID="modal-backdrop"
      />
      <View
        pointerEvents="box-none"
        style={
          [
            {
              "bottom": 0,
              "justifyContent": "center",
              "left": 0,
              "position": "absolute",
              "right": 0,
              "top": 0,
            },
            {
              "marginBottom": 0,
              "marginTop": 0,
            },
            undefined,
          ]
        }
        testID="modal-wrapper"
      >
        <View
          collapsable={false}
          style={
            {
              "backgroundColor": "rgb(238, 232, 244)",
              "borderRadius": 28,
              "marginHorizontal": 26,
              "marginVertical": 0,
              "opacity": 1,
              "shadowColor": "#000",
              "shadowOffset": {
                "height": 1,
                "width": 0,
              },
              "shadowOpacity": 0.15,
              "shadowRadius": 3,
            }
          }
          testID="modal-surface-outer-layer"
        >
          <View
            collapsable={false}
            style={
              {
                "backgroundColor": "rgb(238, 232, 244)",
                "borderRadius": 28,
                "elevation": 24,
                "flex": undefined,
                "justifyContent": "flex-start",
                "shadowColor": "#000",
                "shadowOffset": {
                  "height": 1,
                  "width": 0,
                },
                "shadowOpacity": 0.3,
                "shadowRadius": 1,
              }
            }
            testID="modal-surface"
          >
            <Text
              accessibilityRole="header"
              style={
                [
                  {
                    "textAlign": "left",
                  },
                  {
                    "color": "rgba(28, 27, 31, 1)",
                    "writingDirection": "ltr",
                  },
                  [
                    {
                      "fontFamily": "System",
                      "fontSize": 24,
                      "fontWeight": "400",
                      "letterSpacing": 0,
                      "lineHeight": 32,
                    },
                    [
                      {
                        "marginBottom": 18,
                        "marginHorizontal": 24,
                        "marginTop": 22,
                      },
                      {
                        "marginBottom": 16,
                        "marginTop": 16,
                      },
                      {
                        "color": "rgba(28, 27, 31, 1)",
                        "fontFamily": "System",
                        "fontSize": 24,
                        "fontWeight": "400",
                        "letterSpacing": 0,
                        "lineHeight": 32,
                      },
                      [
                        {
                          "marginTop": 24,
                        },
                        undefined,
                      ],
                    ],
                  ],
                ]
              }
            >
              Add a close contact...
            </Text>
            <View
              style={
                [
                  {
                    "paddingBottom": 24,
                    "paddingHorizontal": 24,
                  },
                  undefined,
                ]
              }
            >
              <View
                style={
                  [
                    {
                      "backgroundColor": "rgba(231, 224, 236, 1)",
                      "borderTopLeftRadius": 4,
                      "borderTopRightRadius": 4,
                    },
                    {
                      "margin": 4,
                    },
                  ]
                }
              >
                <View
                  collapsable={false}
                  style={
                    {
                      "backgroundColor": "rgba(28, 27, 31, 1)",
                      "bottom": 0,
                      "height": 1,
                      "left": 0,
                      "position": "absolute",
                      "right": 0,
                      "transform": [
                        {
                          "scaleY": 0.5,
                        },
                      ],
                      "zIndex": 1,
                    }
                  }
                  testID="text-input-underline"
                />
                <View
                  style={
                    [
                      {
                        "paddingBottom": 0,
                        "paddingTop": 0,
                      },
                      {
                        "minHeight": 56,
                      },
                    ]
                  }
                >
                  <TextInput
                    autoCapitalize="none"
                    autoCorrect={false}
                    cursorColor="rgba(103, 80, 164, 1)"
                    editable={true}
                    maxFontSizeMultiplier={1.5}
                    multiline={false}
                    onBlur={[Function]}
                    onChangeText={[Function]}
                    onFocus={[Function]}
                    placeholder="Enter Close Contact Email"
                    placeholderTextColor="rgba(73, 69, 79, 1)"
                    selectionColor="rgba(103, 80, 164, 1)"
                    style={
                      [
                        {
                          "margin": 0,
                        },
                        {
                          "paddingLeft": 16,
                          "paddingRight": 16,
                        },
                        {
                          "height": 56,
                        },
                        {
                          "paddingBottom": 0,
                          "paddingTop": 0,
                        },
                        {
                          "color": "rgba(73, 69, 79, 1)",
                          "fontFamily": "System",
                          "fontSize": 16,
                          "fontWeight": undefined,
                          "letterSpacing": 0.15,
                          "lineHeight": undefined,
                          "textAlign": "left",
                          "textAlignVertical": "center",
                        },
                        false,
                        [
                          {},
                        ],
                        undefined,
                      ]
                    }
                    testID="text-input-flat"
                    textContentType="emailAddress"
                    underlineColorAndroid="transparent"
                    value=""
                  />
                </View>
              </View>
              <View
                style={
                  {
                    "alignItems": "center",
                    "minHeight": 30,
                  }
                }
              >
                <Text
                  style={
                    [
                      {
                        "textAlign": "left",
                      },
                      {
                        "color": "rgba(28, 27, 31, 1)",
                        "writingDirection": "ltr",
                      },
                      [
                        {
                          "fontFamily": "System",
                          "fontSize": 14,
                          "fontWeight": "500",
                          "letterSpacing": 0.1,
                          "lineHeight": 20,
                        },
                        undefined,
                      ],
                    ]
                  }
                  testID="error_msg"
                />
              </View>
            </View>
            <View
              style={
                [
                  {
                    "alignItems": "center",
                    "flexDirection": "row",
                    "flexGrow": 1,
                    "justifyContent": "flex-end",
                    "paddingBottom": 24,
                    "paddingHorizontal": 24,
                  },
                  undefined,
                ]
              }
            >
              <View
                collapsable={false}
                style={
                  {
                    "backgroundColor": "transparent",
                    "borderRadius": 20,
                    "marginRight": 0,
                    "shadowColor": "#000",
                    "shadowOffset": {
                      "height": 0,
                      "width": 0,
                    },
                    "shadowOpacity": 0,
                    "shadowRadius": 0,
                  }
                }
                testID="button-container-outer-layer"
              >
                <View
                  collapsable={false}
                  style={
                    {
                      "backgroundColor": "transparent",
                      "borderColor": "transparent",
                      "borderRadius": 20,
                      "borderStyle": "solid",
                      "borderWidth": 0,
                      "flex": undefined,
                      "minWidth": "auto",
                      "shadowColor": "#000",
                      "shadowOffset": {
                        "height": 0,
                        "width": 0,
                      },
                      "shadowOpacity": 0,
                      "shadowRadius": 0,
                    }
                  }
                  testID="button-container"
                >
                  <View
                    accessibilityRole="button"
                    accessibilityState={
                      {
                        "busy": undefined,
                        "checked": undefined,
                        "disabled": false,
                        "expanded": undefined,
                        "selected": undefined,
                      }
                    }
                    accessibilityValue={
                      {
                        "max": undefined,
                        "min": undefined,
                        "now": undefined,
                        "text": undefined,
                      }
                    }
                    accessible={true}
                    collapsable={false}
                    focusable={true}
                    onBlur={[Function]}
                    onClick={[Function]}
                    onFocus={[Function]}
                    onResponderGrant={[Function]}
                    onResponderMove={[Function]}
                    onResponderRelease={[Function]}
                    onResponderTerminate={[Function]}
                    onResponderTerminationRequest={[Function]}
                    onStartShouldSetResponder={[Function]}
                    style={
                      [
                        {
                          "overflow": "hidden",
                        },
                        {
                          "borderRadius": 20,
                        },
                      ]
                    }
                    testID="button"
                  >
                    <View
                      style={
                        [
                          {
                            "alignItems": "center",
                            "flexDirection": "row",
                            "justifyContent": "center",
                          },
                          undefined,
                        ]
                      }
                    >
                      <Text
                        numberOfLines={1}
                        selectable={false}
                        style={
                          [
                            {
                              "textAlign": "left",
                            },
                            {
                              "color": "rgba(28, 27, 31, 1)",
                              "writingDirection": "ltr",
                            },
                            [
                              {
                                "fontFamily": "System",
                                "fontSize": 14,
                                "fontWeight": "500",
                                "letterSpacing": 0.1,
                                "lineHeight": 20,
                              },
                              [
                                {
                                  "marginHorizontal": 16,
                                  "marginVertical": 9,
                                  "textAlign": "center",
                                },
                                false,
                                {
                                  "marginHorizontal": 12,
                                },
                                {
                                  "marginHorizontal": 8,
                                },
                                false,
                                {
                                  "color": "rgba(103, 80, 164, 1)",
                                  "fontFamily": "System",
                                  "fontSize": 14,
                                  "fontWeight": "500",
                                  "letterSpacing": 0.1,
                                  "lineHeight": 20,
                                },
                                undefined,
                              ],
                            ],
                          ]
                        }
                        testID="button-text"
                      >
                        Submit
                      </Text>
                    </View>
                  </View>
                </View>
              </View>
            </View>
          </View>
        </View>
      </View>
    </View>
  </View>
</RNCSafeAreaProvider>
`;
